id=1	repo=USC-GVL/humanoid-everyday	src=videos/chunk-003/egocentric/episode_003372.mp4	camera=observation.images.egocentric	out=/Users/xinyua11/Documents/Research/PhysicsLENS/data/videos/001_humanoid_everyday_pour_water_from_a_kettle_into_a_cup_ep3372.mp4	bytes=582079	frames=506	640x480	fps=30.0	note=
id=2	repo=USC-GVL/humanoid-everyday	src=videos/chunk-003/egocentric/episode_003373.mp4	camera=observation.images.egocentric	out=/Users/xinyua11/Documents/Research/PhysicsLENS/data/videos/002_humanoid_everyday_pour_water_from_a_kettle_into_a_cup_ep3373.mp4	bytes=828795	frames=671	640x480	fps=30.0	note=
id=3	repo=USC-GVL/humanoid-everyday	src=videos/chunk-003/egocentric/episode_003374.mp4	camera=observation.images.egocentric	out=/Users/xinyua11/Documents/Research/PhysicsLENS/data/videos/003_humanoid_everyday_pour_water_from_a_kettle_into_a_cup_ep3374.mp4	bytes=507596	frames=478	640x480	fps=30.0	note=
id=4	repo=USC-GVL/humanoid-everyday	src=videos/chunk-003/egocentric/episode_003452.mp4	camera=observation.images.egocentric	out=/Users/xinyua11/Documents/Research/PhysicsLENS/data/videos/004_humanoid_everyday_pour_water_into_a_cup_ep3452.mp4	bytes=805992	frames=448	640x480	fps=30.0	note=
id=5	repo=USC-GVL/humanoid-everyday	src=videos/chunk-001/egocentric/episode_001800.mp4	camera=observation.images.egocentric	out=/Users/xinyua11/Documents/Research/PhysicsLENS/data/videos/005_humanoid_everyday_turn_on_the_faucet_handle_ep1800.mp4	bytes=919042	frames=563	640x480	fps=30.0	note=
id=6	repo=USC-GVL/humanoid-everyday	src=videos/chunk-001/egocentric/episode_001801.mp4	camera=observation.images.egocentric	out=/Users/xinyua11/Documents/Research/PhysicsLENS/data/videos/006_humanoid_everyday_turn_on_the_faucet_handle_ep1801.mp4	bytes=917272	frames=616	640x480	fps=30.0	note=
id=25	repo=USC-GVL/humanoid-everyday	src=videos/chunk-004/egocentric/episode_004838.mp4	camera=observation.images.egocentric	out=/Users/xinyua11/Documents/Research/PhysicsLENS/data/videos/025_humanoid_everyday_fold_towel_ep4838.mp4	bytes=1005537	frames=377	640x480	fps=30.0	note=
id=26	repo=USC-GVL/humanoid-everyday	src=videos/chunk-004/egocentric/episode_004839.mp4	camera=observation.images.egocentric	out=/Users/xinyua11/Documents/Research/PhysicsLENS/data/videos/026_humanoid_everyday_fold_towel_ep4839.mp4	bytes=931666	frames=341	640x480	fps=30.0	note=
id=27	repo=USC-GVL/humanoid-everyday	src=videos/chunk-005/egocentric/episode_005118.mp4	camera=observation.images.egocentric	out=/Users/xinyua11/Documents/Research/PhysicsLENS/data/videos/027_humanoid_everyday_squeeze_a_ball_ep5118.mp4	bytes=501505	frames=347	640x480	fps=30.0	note=
id=28	repo=USC-GVL/humanoid-everyday	src=videos/chunk-005/egocentric/episode_005158.mp4	camera=observation.images.egocentric	out=/Users/xinyua11/Documents/Research/PhysicsLENS/data/videos/028_humanoid_everyday_squeeze_a_toy_ep5158.mp4	bytes=399669	frames=278	640x480	fps=30.0	note=
id=29	repo=USC-GVL/humanoid-everyday	src=videos/chunk-004/egocentric/episode_004598.mp4	camera=observation.images.egocentric	out=/Users/xinyua11/Documents/Research/PhysicsLENS/data/videos/029_humanoid_everyday_compress_a_plastic_bag_ep4598.mp4	bytes=1068616	frames=510	640x480	fps=30.0	note=
id=46	repo=USC-GVL/humanoid-everyday	src=videos/chunk-004/egocentric/episode_004358.mp4	camera=observation.images.egocentric	out=/Users/xinyua11/Documents/Research/PhysicsLENS/data/videos/046_humanoid_everyday_stack_two_cubes_g1_ep4358.mp4	bytes=523472	frames=447	640x480	fps=30.0	note=
id=47	repo=USC-GVL/humanoid-everyday	src=videos/chunk-004/egocentric/episode_004518.mp4	camera=observation.images.egocentric	out=/Users/xinyua11/Documents/Research/PhysicsLENS/data/videos/047_humanoid_everyday_unstack_two_cubes_g1_ep4518.mp4	bytes=550698	frames=317	640x480	fps=30.0	note=
id=48	repo=USC-GVL/humanoid-everyday	src=videos/chunk-008/egocentric/episode_008398.mp4	camera=observation.images.egocentric	out=/Users/xinyua11/Documents/Research/PhysicsLENS/data/videos/048_humanoid_everyday_pick_the_hammer_and_hit_desk_ep8398.mp4	bytes=710289	frames=422	640x480	fps=30.0	note=
id=49	repo=USC-GVL/humanoid-everyday	src=videos/chunk-008/egocentric/episode_008399.mp4	camera=observation.images.egocentric	out=/Users/xinyua11/Documents/Research/PhysicsLENS/data/videos/049_humanoid_everyday_pick_the_hammer_and_hit_desk_ep8399.mp4	bytes=693829	frames=426	640x480	fps=30.0	note=
id=50	repo=USC-GVL/humanoid-everyday	src=videos/chunk-003/egocentric/episode_003612.mp4	camera=observation.images.egocentric	out=/Users/xinyua11/Documents/Research/PhysicsLENS/data/videos/050_humanoid_everyday_push_duck_g1_ep3612.mp4	bytes=678128	frames=574	640x480	fps=30.0	note=
id=63	repo=USC-GVL/humanoid-everyday	src=videos/chunk-003/egocentric/episode_003292.mp4	camera=observation.images.egocentric	out=/Users/xinyua11/Documents/Research/PhysicsLENS/data/videos/063_humanoid_everyday_pour_out_some_sunflower_seeds_ep3292.mp4	bytes=912066	frames=635	640x480	fps=30.0	note=
id=64	repo=USC-GVL/humanoid-everyday	src=videos/chunk-003/egocentric/episode_003293.mp4	camera=observation.images.egocentric	out=/Users/xinyua11/Documents/Research/PhysicsLENS/data/videos/064_humanoid_everyday_pour_out_some_sunflower_seeds_ep3293.mp4	bytes=987110	frames=685	640x480	fps=30.0	note=
id=65	repo=USC-GVL/humanoid-everyday	src=videos/chunk-007/egocentric/episode_007037.mp4	camera=observation.images.egocentric	out=/Users/xinyua11/Documents/Research/PhysicsLENS/data/videos/065_humanoid_everyday_throw_away_piece_paper_trashcan_ep7037.mp4	bytes=1948797	frames=983	640x480	fps=30.0	note=
id=70	repo=USC-GVL/humanoid-everyday	src=videos/chunk-003/egocentric/episode_003720.mp4	camera=observation.images.egocentric	out=/Users/xinyua11/Documents/Research/PhysicsLENS/data/videos/070_humanoid_everyday_push_the_tape_towards_the_notebook_ep3720.mp4	bytes=415956	frames=259	640x480	fps=30.0	note=
id=71	repo=USC-GVL/humanoid-everyday	src=videos/chunk-003/egocentric/episode_003572.mp4	camera=observation.images.egocentric	out=/Users/xinyua11/Documents/Research/PhysicsLENS/data/videos/071_humanoid_everyday_push_box_screws_left_desk_right_ep3572.mp4	bytes=492898	frames=301	640x480	fps=30.0	note=
id=72	repo=USC-GVL/humanoid-everyday	src=videos/chunk-003/egocentric/episode_003680.mp4	camera=observation.images.egocentric	out=/Users/xinyua11/Documents/Research/PhysicsLENS/data/videos/072_humanoid_everyday_push_pencil_case_container_ep3680.mp4	bytes=640367	frames=311	640x480	fps=30.0	note=
id=77	repo=USC-GVL/humanoid-everyday	src=videos/chunk-008/egocentric/episode_008634.mp4	camera=observation.images.egocentric	out=/Users/xinyua11/Documents/Research/PhysicsLENS/data/videos/077_humanoid_everyday_use_soft_sponge_wipe_dry_surface_ep8634.mp4	bytes=498956	frames=344	640x480	fps=30.0	note=
id=78	repo=USC-GVL/humanoid-everyday	src=videos/chunk-008/egocentric/episode_008914.mp4	camera=observation.images.egocentric	out=/Users/xinyua11/Documents/Research/PhysicsLENS/data/videos/078_humanoid_everyday_wipe_a_table_with_an_eraser_ep8914.mp4	bytes=735973	frames=387	640x480	fps=30.0	note=
id=79	repo=USC-GVL/humanoid-everyday	src=videos/chunk-007/egocentric/episode_007001.mp4	camera=observation.images.egocentric	out=/Users/xinyua11/Documents/Research/PhysicsLENS/data/videos/079_humanoid_everyday_clean_the_window_ep7001.mp4	bytes=3638490	frames=1440	640x480	fps=30.0	note=
id=92	repo=USC-GVL/humanoid-everyday	src=videos/chunk-000/egocentric/episode_000641.mp4	camera=observation.images.egocentric	out=/Users/xinyua11/Documents/Research/PhysicsLENS/data/videos/092_humanoid_everyday_compress_a_small_air_pump_g1_ep641.mp4	bytes=695934	frames=405	640x480	fps=30.0	note=
id=93	repo=USC-GVL/humanoid-everyday	src=videos/chunk-008/egocentric/episode_008078.mp4	camera=observation.images.egocentric	out=/Users/xinyua11/Documents/Research/PhysicsLENS/data/videos/093_humanoid_everyday_press_start_boiling_button_ep8078.mp4	bytes=102494	frames=112	640x480	fps=30.0	note=
id=94	repo=USC-GVL/humanoid-everyday	src=videos/chunk-007/egocentric/episode_007022.mp4	camera=observation.images.egocentric	out=/Users/xinyua11/Documents/Research/PhysicsLENS/data/videos/094_humanoid_everyday_pick_up_kettle_place_base_turn_ep7022.mp4	bytes=4494013	frames=2173	640x480	fps=30.0	note=
